Copyright 1986-2021 Xilinx, Inc. All Rights Reserved.
-----------------------------------------------------------------------------------------------
| Tool Version : Vivado v.2021.1 (win64) Build 3247384 Thu Jun 10 19:36:33 MDT 2021
| Date         : Thu Feb 26 16:19:39 2026
| Host         : DESKTOP-FAVD00F running 64-bit major release  (build 9200)
| Command      : report_control_sets -verbose -file top_my_pwm_dcmotor_control_sets_placed.rpt
| Design       : top_my_pwm_dcmotor
| Device       : xc7a35t
-----------------------------------------------------------------------------------------------

Control Set Information

Table of Contents
-----------------
1. Summary
2. Histogram
3. Flip-Flop Distribution
4. Detailed Control Set Information

1. Summary
----------

+----------------------------------------------------------+-------+
|                          Status                          | Count |
+----------------------------------------------------------+-------+
| Total control sets                                       |     5 |
|    Minimum number of control sets                        |     5 |
|    Addition due to synthesis replication                 |     0 |
|    Addition due to physical synthesis replication        |     0 |
| Unused register locations in slices containing registers |    29 |
+----------------------------------------------------------+-------+
* Control sets can be merged at opt_design using control_set_merge or merge_equivalent_drivers
** Run report_qor_suggestions for automated merging and remapping suggestions


2. Histogram
------------

+--------------------+-------+
|       Fanout       | Count |
+--------------------+-------+
| Total control sets |     5 |
| >= 0 to < 4        |     2 |
| >= 4 to < 6        |     1 |
| >= 6 to < 8        |     0 |
| >= 8 to < 10       |     1 |
| >= 10 to < 12      |     0 |
| >= 12 to < 14      |     0 |
| >= 14 to < 16      |     0 |
| >= 16              |     1 |
+--------------------+-------+
* Control sets can be remapped at either synth_design or opt_design


3. Flip-Flop Distribution
-------------------------

+--------------+-----------------------+------------------------+-----------------+--------------+
| Clock Enable | Synchronous Set/Reset | Asynchronous Set/Reset | Total Registers | Total Slices |
+--------------+-----------------------+------------------------+-----------------+--------------+
| No           | No                    | No                     |               0 |            0 |
| No           | No                    | Yes                    |              60 |           24 |
| No           | Yes                   | No                     |               0 |            0 |
| Yes          | No                    | No                     |               0 |            0 |
| Yes          | No                    | Yes                    |              15 |            8 |
| Yes          | Yes                   | No                     |               0 |            0 |
+--------------+-----------------------+------------------------+-----------------+--------------+


4. Detailed Control Set Information
-----------------------------------

+----------------+----------------------------------------------------------------+------------------+------------------+----------------+--------------+
|  Clock Signal  |                          Enable Signal                         | Set/Reset Signal | Slice Load Count | Bel Load Count | Bels / Slice |
+----------------+----------------------------------------------------------------+------------------+------------------+----------------+--------------+
|  clk_IBUF_BUFG | u_decrease_duty_btn/r_clean_btn                                | reset_IBUF       |                1 |              1 |         1.00 |
|  clk_IBUF_BUFG | u_increase_duty_btn/r_clean_btn                                | reset_IBUF       |                1 |              1 |         1.00 |
|  clk_IBUF_BUFG | u_decrease_duty_btn/E[0]                                       | reset_IBUF       |                2 |              4 |         2.00 |
|  clk_IBUF_BUFG | u_fnd_controller/u_fnd_digit_select/r_500ms_counter[8]_i_1_n_0 | reset_IBUF       |                4 |              9 |         2.25 |
|  clk_IBUF_BUFG |                                                                | reset_IBUF       |               24 |             60 |         2.50 |
+----------------+----------------------------------------------------------------+------------------+------------------+----------------+--------------+


