Copyright 1986-2021 Xilinx, Inc. All Rights Reserved.
------------------------------------------------------------------------------------
| Tool Version : Vivado v.2021.1 (win64) Build 3247384 Thu Jun 10 19:36:33 MDT 2021
| Date         : Wed Mar  4 16:53:25 2026
| Host         : DESKTOP-FAVD00F running 64-bit major release  (build 9200)
| Command      : report_control_sets -verbose -file top_control_sets_placed.rpt
| Design       : top
| Device       : xc7a35t
------------------------------------------------------------------------------------

Control Set Information

Table of Contents
-----------------
1. Summary
2. Histogram
3. Flip-Flop Distribution
4. Detailed Control Set Information

1. Summary
----------

+----------------------------------------------------------+-------+
|                          Status                          | Count |
+----------------------------------------------------------+-------+
| Total control sets                                       |     6 |
|    Minimum number of control sets                        |     6 |
|    Addition due to synthesis replication                 |     0 |
|    Addition due to physical synthesis replication        |     0 |
| Unused register locations in slices containing registers |    21 |
+----------------------------------------------------------+-------+
* Control sets can be merged at opt_design using control_set_merge or merge_equivalent_drivers
** Run report_qor_suggestions for automated merging and remapping suggestions


2. Histogram
------------

+--------------------+-------+
|       Fanout       | Count |
+--------------------+-------+
| Total control sets |     6 |
| >= 0 to < 4        |     1 |
| >= 4 to < 6        |     4 |
| >= 6 to < 8        |     0 |
| >= 8 to < 10       |     0 |
| >= 10 to < 12      |     0 |
| >= 12 to < 14      |     0 |
| >= 14 to < 16      |     0 |
| >= 16              |     1 |
+--------------------+-------+
* Control sets can be remapped at either synth_design or opt_design


3. Flip-Flop Distribution
-------------------------

+--------------+-----------------------+------------------------+-----------------+--------------+
| Clock Enable | Synchronous Set/Reset | Asynchronous Set/Reset | Total Registers | Total Slices |
+--------------+-----------------------+------------------------+-----------------+--------------+
| No           | No                    | No                     |               0 |            0 |
| No           | No                    | Yes                    |              48 |           14 |
| No           | Yes                   | No                     |               0 |            0 |
| Yes          | No                    | No                     |               0 |            0 |
| Yes          | No                    | Yes                    |              15 |            5 |
| Yes          | Yes                   | No                     |               4 |            1 |
+--------------+-----------------------+------------------------+-----------------+--------------+


4. Detailed Control Set Information
-----------------------------------

+----------------+--------------------------------------------------------+----------------------------------------------------+------------------+----------------+--------------+
|  Clock Signal  |                      Enable Signal                     |                  Set/Reset Signal                  | Slice Load Count | Bel Load Count | Bels / Slice |
+----------------+--------------------------------------------------------+----------------------------------------------------+------------------+----------------+--------------+
|  clk_IBUF_BUFG | u_uart_controller/u_uart_tx/tx_i_1_n_0                 | reset_IBUF                                         |                1 |              2 |         2.00 |
|  clk_IBUF_BUFG | u_uart_controller/u_tick/E[0]                          | reset_IBUF                                         |                1 |              4 |         4.00 |
|  clk_IBUF_BUFG | u_uart_controller/u_uart_tx/r_bit_index[3]_i_1_n_0     | reset_IBUF                                         |                2 |              4 |         2.00 |
|  clk_IBUF_BUFG | u_uart_controller/u_uart_tx/tx_busy_reg_0              | u_uart_controller/u_data_sender/tx_data[3]_i_1_n_0 |                1 |              4 |         4.00 |
|  clk_IBUF_BUFG | u_uart_controller/u_uart_tx/r_data_register[4]_i_1_n_0 | reset_IBUF                                         |                1 |              5 |         5.00 |
|  clk_IBUF_BUFG |                                                        | reset_IBUF                                         |               14 |             48 |         3.43 |
+----------------+--------------------------------------------------------+----------------------------------------------------+------------------+----------------+--------------+


