Copyright 1986-2021 Xilinx, Inc. All Rights Reserved.
------------------------------------------------------------------------------------
| Tool Version : Vivado v.2021.1 (win64) Build 3247384 Thu Jun 10 19:36:33 MDT 2021
| Date         : Fri Mar  6 12:55:56 2026
| Host         : DESKTOP-FAVD00F running 64-bit major release  (build 9200)
| Command      : report_control_sets -verbose -file top_control_sets_placed.rpt
| Design       : top
| Device       : xc7a35t
------------------------------------------------------------------------------------

Control Set Information

Table of Contents
-----------------
1. Summary
2. Histogram
3. Flip-Flop Distribution
4. Detailed Control Set Information

1. Summary
----------

+----------------------------------------------------------+-------+
|                          Status                          | Count |
+----------------------------------------------------------+-------+
| Total control sets                                       |    18 |
|    Minimum number of control sets                        |    18 |
|    Addition due to synthesis replication                 |     0 |
|    Addition due to physical synthesis replication        |     0 |
| Unused register locations in slices containing registers |    24 |
+----------------------------------------------------------+-------+
* Control sets can be merged at opt_design using control_set_merge or merge_equivalent_drivers
** Run report_qor_suggestions for automated merging and remapping suggestions


2. Histogram
------------

+--------------------+-------+
|       Fanout       | Count |
+--------------------+-------+
| Total control sets |    18 |
| >= 0 to < 4        |     1 |
| >= 4 to < 6        |     4 |
| >= 6 to < 8        |     0 |
| >= 8 to < 10       |    12 |
| >= 10 to < 12      |     0 |
| >= 12 to < 14      |     0 |
| >= 14 to < 16      |     0 |
| >= 16              |     1 |
+--------------------+-------+
* Control sets can be remapped at either synth_design or opt_design


3. Flip-Flop Distribution
-------------------------

+--------------+-----------------------+------------------------+-----------------+--------------+
| Clock Enable | Synchronous Set/Reset | Asynchronous Set/Reset | Total Registers | Total Slices |
+--------------+-----------------------+------------------------+-----------------+--------------+
| No           | No                    | No                     |               2 |            1 |
| No           | No                    | Yes                    |              30 |           12 |
| No           | Yes                   | No                     |               0 |            0 |
| Yes          | No                    | No                     |               0 |            0 |
| Yes          | No                    | Yes                    |             104 |           26 |
| Yes          | Yes                   | No                     |               8 |            2 |
+--------------+-----------------------+------------------------+-----------------+--------------+


4. Detailed Control Set Information
-----------------------------------

+----------------+----------------------------------------------------+---------------------------------------------+------------------+----------------+--------------+
|  Clock Signal  |                    Enable Signal                   |               Set/Reset Signal              | Slice Load Count | Bel Load Count | Bels / Slice |
+----------------+----------------------------------------------------+---------------------------------------------+------------------+----------------+--------------+
|  clk_IBUF_BUFG |                                                    |                                             |                1 |              2 |         2.00 |
|  clk_IBUF_BUFG | u_uart_controller/u_uart_rx/r_baud_tick_count_0    | reset_IBUF                                  |                2 |              4 |         2.00 |
|  clk_IBUF_BUFG | u_uart_controller/u_uart_rx/r_bit_index[3]_i_1_n_0 | reset_IBUF                                  |                1 |              4 |         4.00 |
|  clk_IBUF_BUFG | u_control_tower/read_pointer                       | reset_IBUF                                  |                2 |              4 |         2.00 |
|  clk_IBUF_BUFG | u_control_tower/write_pointer                      | reset_IBUF                                  |                1 |              4 |         4.00 |
|  clk_IBUF_BUFG | u_uart_controller/u_uart_rx/data_out[7]_i_1_n_0    | reset_IBUF                                  |                1 |              8 |         8.00 |
|  clk_IBUF_BUFG | u_control_tower/queue_data[2][7]_i_1_n_0           | reset_IBUF                                  |                1 |              8 |         8.00 |
|  clk_IBUF_BUFG | u_control_tower/queue_data[5][7]_i_1_n_0           | reset_IBUF                                  |                1 |              8 |         8.00 |
|  clk_IBUF_BUFG | u_control_tower/queue_data[3][7]_i_1_n_0           | reset_IBUF                                  |                2 |              8 |         4.00 |
|  clk_IBUF_BUFG | u_control_tower/queue_data[8][7]_i_1_n_0           | reset_IBUF                                  |                2 |              8 |         4.00 |
|  clk_IBUF_BUFG | u_control_tower/queue_data[6][7]_i_1_n_0           | reset_IBUF                                  |                3 |              8 |         2.67 |
|  clk_IBUF_BUFG | u_control_tower/queue_data[1][7]_i_1_n_0           | reset_IBUF                                  |                1 |              8 |         8.00 |
|  clk_IBUF_BUFG | u_control_tower/queue_data[4][7]_i_1_n_0           | reset_IBUF                                  |                4 |              8 |         2.00 |
|  clk_IBUF_BUFG | u_control_tower/r_data_for_check[7]_i_2_n_0        | u_control_tower/r_data_for_check[7]_i_1_n_0 |                2 |              8 |         4.00 |
|  clk_IBUF_BUFG | u_control_tower/queue_data[7][7]_i_1_n_0           | reset_IBUF                                  |                2 |              8 |         4.00 |
|  clk_IBUF_BUFG | u_control_tower/queue_data                         | reset_IBUF                                  |                1 |              8 |         8.00 |
|  clk_IBUF_BUFG | u_control_tower/queue_data[0][7]_i_1_n_0           | reset_IBUF                                  |                2 |              8 |         4.00 |
|  clk_IBUF_BUFG |                                                    | reset_IBUF                                  |               12 |             30 |         2.50 |
+----------------+----------------------------------------------------+---------------------------------------------+------------------+----------------+--------------+


