Copyright 1986-2021 Xilinx, Inc. All Rights Reserved.
------------------------------------------------------------------------------------
| Tool Version : Vivado v.2021.1 (win64) Build 3247384 Thu Jun 10 19:36:33 MDT 2021
| Date         : Tue Feb 24 15:38:44 2026
| Host         : DESKTOP-FAVD00F running 64-bit major release  (build 9200)
| Command      : report_control_sets -verbose -file top_control_sets_placed.rpt
| Design       : top
| Device       : xc7a35t
------------------------------------------------------------------------------------

Control Set Information

Table of Contents
-----------------
1. Summary
2. Histogram
3. Flip-Flop Distribution
4. Detailed Control Set Information

1. Summary
----------

+----------------------------------------------------------+-------+
|                          Status                          | Count |
+----------------------------------------------------------+-------+
| Total control sets                                       |     9 |
|    Minimum number of control sets                        |     9 |
|    Addition due to synthesis replication                 |     0 |
|    Addition due to physical synthesis replication        |     0 |
| Unused register locations in slices containing registers |    39 |
+----------------------------------------------------------+-------+
* Control sets can be merged at opt_design using control_set_merge or merge_equivalent_drivers
** Run report_qor_suggestions for automated merging and remapping suggestions


2. Histogram
------------

+--------------------+-------+
|       Fanout       | Count |
+--------------------+-------+
| Total control sets |     9 |
| >= 0 to < 4        |     3 |
| >= 4 to < 6        |     1 |
| >= 6 to < 8        |     0 |
| >= 8 to < 10       |     0 |
| >= 10 to < 12      |     0 |
| >= 12 to < 14      |     0 |
| >= 14 to < 16      |     1 |
| >= 16              |     4 |
+--------------------+-------+
* Control sets can be remapped at either synth_design or opt_design


3. Flip-Flop Distribution
-------------------------

+--------------+-----------------------+------------------------+-----------------+--------------+
| Clock Enable | Synchronous Set/Reset | Asynchronous Set/Reset | Total Registers | Total Slices |
+--------------+-----------------------+------------------------+-----------------+--------------+
| No           | No                    | No                     |               0 |            0 |
| No           | No                    | Yes                    |              70 |           22 |
| No           | Yes                   | No                     |               0 |            0 |
| Yes          | No                    | No                     |               0 |            0 |
| Yes          | No                    | Yes                    |              91 |           26 |
| Yes          | Yes                   | No                     |               0 |            0 |
+--------------+-----------------------+------------------------+-----------------+--------------+


4. Detailed Control Set Information
-----------------------------------

+----------------+----------------------------------------------+------------------+------------------+----------------+--------------+
|  Clock Signal  |                 Enable Signal                | Set/Reset Signal | Slice Load Count | Bel Load Count | Bels / Slice |
+----------------+----------------------------------------------+------------------+------------------+----------------+--------------+
|  clk_IBUF_BUFG | u_debouncer2/r_clean_btn                     | reset_IBUF       |                1 |              1 |         1.00 |
|  clk_IBUF_BUFG | u_debouncer3/r_clean_btn                     | reset_IBUF       |                1 |              1 |         1.00 |
|  clk_IBUF_BUFG | u_debouncer1/r_clean_btn                     | reset_IBUF       |                1 |              1 |         1.00 |
|  clk_IBUF_BUFG | u_coffee_machine/E[0]                        | reset_IBUF       |                1 |              4 |         4.00 |
|  clk_IBUF_BUFG | u_coffee_machine/coin_val[15]_i_1_n_0        | reset_IBUF       |                3 |             14 |         4.67 |
|  clk_IBUF_BUFG | u_coffee_machine/w_seg_en                    | reset_IBUF       |                5 |             17 |         3.40 |
|  clk_IBUF_BUFG | u_coffee_machine/r_current_state_reg[2]_2[0] | reset_IBUF       |                6 |             24 |         4.00 |
|  clk_IBUF_BUFG | u_coffee_machine/r_5s_counter                | reset_IBUF       |                8 |             29 |         3.62 |
|  clk_IBUF_BUFG |                                              | reset_IBUF       |               22 |             70 |         3.18 |
+----------------+----------------------------------------------+------------------+------------------+----------------+--------------+


