Copyright 1986-2021 Xilinx, Inc. All Rights Reserved.
------------------------------------------------------------------------------------
| Tool Version : Vivado v.2021.1 (win64) Build 3247384 Thu Jun 10 19:36:33 MDT 2021
| Date         : Mon Mar  9 13:02:49 2026
| Host         : DESKTOP-FAVD00F running 64-bit major release  (build 9200)
| Command      : report_control_sets -verbose -file top_control_sets_placed.rpt
| Design       : top
| Device       : xc7a35t
------------------------------------------------------------------------------------

Control Set Information

Table of Contents
-----------------
1. Summary
2. Histogram
3. Flip-Flop Distribution
4. Detailed Control Set Information

1. Summary
----------

+----------------------------------------------------------+-------+
|                          Status                          | Count |
+----------------------------------------------------------+-------+
| Total control sets                                       |    19 |
|    Minimum number of control sets                        |    19 |
|    Addition due to synthesis replication                 |     0 |
|    Addition due to physical synthesis replication        |     0 |
| Unused register locations in slices containing registers |    71 |
+----------------------------------------------------------+-------+
* Control sets can be merged at opt_design using control_set_merge or merge_equivalent_drivers
** Run report_qor_suggestions for automated merging and remapping suggestions


2. Histogram
------------

+--------------------+-------+
|       Fanout       | Count |
+--------------------+-------+
| Total control sets |    19 |
| >= 0 to < 4        |     4 |
| >= 4 to < 6        |     4 |
| >= 6 to < 8        |     0 |
| >= 8 to < 10       |     3 |
| >= 10 to < 12      |     1 |
| >= 12 to < 14      |     2 |
| >= 14 to < 16      |     2 |
| >= 16              |     3 |
+--------------------+-------+
* Control sets can be remapped at either synth_design or opt_design


3. Flip-Flop Distribution
-------------------------

+--------------+-----------------------+------------------------+-----------------+--------------+
| Clock Enable | Synchronous Set/Reset | Asynchronous Set/Reset | Total Registers | Total Slices |
+--------------+-----------------------+------------------------+-----------------+--------------+
| No           | No                    | No                     |              13 |            7 |
| No           | No                    | Yes                    |             144 |           44 |
| No           | Yes                   | No                     |               0 |            0 |
| Yes          | No                    | No                     |               8 |            6 |
| Yes          | No                    | Yes                    |             114 |           48 |
| Yes          | Yes                   | No                     |              18 |            6 |
+--------------+-----------------------+------------------------+-----------------+--------------+


4. Detailed Control Set Information
-----------------------------------

+----------------+----------------------------------------------------+--------------------------------+------------------+----------------+--------------+
|  Clock Signal  |                    Enable Signal                   |        Set/Reset Signal        | Slice Load Count | Bel Load Count | Bels / Slice |
+----------------+----------------------------------------------------+--------------------------------+------------------+----------------+--------------+
|  clk_IBUF_BUFG | u_DS1302/ce0_out                                   | reset_IBUF                     |                1 |              1 |         1.00 |
|  clk_IBUF_BUFG | u_DS1302/r_data_tx                                 | u_DS1302/r_data_tx[3]_i_1_n_0  |                1 |              1 |         1.00 |
|  clk_IBUF_BUFG | u_buzzer/r_clk_cnt[17]_i_2_n_0                     |                                |                1 |              1 |         1.00 |
|  clk_IBUF_BUFG | u_DS1302/r_cmd[3]_i_1_n_0                          |                                |                1 |              3 |         3.00 |
|  clk_IBUF_BUFG | u_DS1302/r_data_tx                                 |                                |                4 |              4 |         1.00 |
|  clk_IBUF_BUFG | u_uart_cmd_parser/state[3]_i_1_n_0                 | reset_IBUF                     |                2 |              4 |         2.00 |
|  clk_IBUF_BUFG | u_uart_controller/u_uart_rx/r_baud_tick_count_0    | reset_IBUF                     |                1 |              4 |         4.00 |
|  clk_IBUF_BUFG | u_uart_controller/u_uart_rx/r_bit_index[3]_i_1_n_0 | reset_IBUF                     |                1 |              4 |         4.00 |
|  clk_IBUF_BUFG | u_DS1302/r_min_bcd                                 | reset_IBUF                     |                3 |              8 |         2.67 |
|  clk_IBUF_BUFG | u_DS1302/r_hour_bcd                                | reset_IBUF                     |                3 |              8 |         2.67 |
|  clk_IBUF_BUFG | u_uart_controller/u_uart_rx/data_out[7]_i_1_n_0    | reset_IBUF                     |                4 |              8 |         2.00 |
|  clk_IBUF_BUFG | u_fnd_controller/r_1ms_cnt1                        | reset_IBUF                     |                4 |             11 |         2.75 |
|  clk_IBUF_BUFG |                                                    |                                |                7 |             13 |         1.86 |
|  clk_IBUF_BUFG | u_uart_cmd_parser/temp_time                        | reset_IBUF                     |                7 |             13 |         1.86 |
|  clk_IBUF_BUFG | u_uart_cmd_parser/parsed_time[13]_i_1_n_0          | reset_IBUF                     |               11 |             14 |         1.27 |
|  clk_IBUF_BUFG | u_uart_cmd_parser/req_set_alarm                    | reset_IBUF                     |                4 |             14 |         3.50 |
|  clk_IBUF_BUFG | u_buzzer/r_clk_cnt[17]_i_2_n_0                     | u_buzzer/r_clk_cnt[17]_i_1_n_0 |                5 |             17 |         3.40 |
|  clk_IBUF_BUFG | u_buzzer/r_counter[24]_i_1_n_0                     | reset_IBUF                     |                7 |             25 |         3.57 |
|  clk_IBUF_BUFG |                                                    | reset_IBUF                     |               44 |            144 |         3.27 |
+----------------+----------------------------------------------------+--------------------------------+------------------+----------------+--------------+


