Copyright 1986-2021 Xilinx, Inc. All Rights Reserved.
------------------------------------------------------------------------------------
| Tool Version : Vivado v.2021.1 (win64) Build 3247384 Thu Jun 10 19:36:33 MDT 2021
| Date         : Tue Mar 10 11:54:07 2026
| Host         : DESKTOP-FAVD00F running 64-bit major release  (build 9200)
| Command      : report_control_sets -verbose -file top_control_sets_placed.rpt
| Design       : top
| Device       : xc7a35t
------------------------------------------------------------------------------------

Control Set Information

Table of Contents
-----------------
1. Summary
2. Histogram
3. Flip-Flop Distribution
4. Detailed Control Set Information

1. Summary
----------

+----------------------------------------------------------+-------+
|                          Status                          | Count |
+----------------------------------------------------------+-------+
| Total control sets                                       |    30 |
|    Minimum number of control sets                        |    30 |
|    Addition due to synthesis replication                 |     0 |
|    Addition due to physical synthesis replication        |     0 |
| Unused register locations in slices containing registers |   103 |
+----------------------------------------------------------+-------+
* Control sets can be merged at opt_design using control_set_merge or merge_equivalent_drivers
** Run report_qor_suggestions for automated merging and remapping suggestions


2. Histogram
------------

+--------------------+-------+
|       Fanout       | Count |
+--------------------+-------+
| Total control sets |    30 |
| >= 0 to < 4        |     6 |
| >= 4 to < 6        |     3 |
| >= 6 to < 8        |     4 |
| >= 8 to < 10       |     4 |
| >= 10 to < 12      |     1 |
| >= 12 to < 14      |     1 |
| >= 14 to < 16      |     2 |
| >= 16              |     9 |
+--------------------+-------+
* Control sets can be remapped at either synth_design or opt_design


3. Flip-Flop Distribution
-------------------------

+--------------+-----------------------+------------------------+-----------------+--------------+
| Clock Enable | Synchronous Set/Reset | Asynchronous Set/Reset | Total Registers | Total Slices |
+--------------+-----------------------+------------------------+-----------------+--------------+
| No           | No                    | No                     |              35 |           15 |
| No           | No                    | Yes                    |             298 |          101 |
| No           | Yes                   | No                     |               0 |            0 |
| Yes          | No                    | No                     |              30 |           13 |
| Yes          | No                    | Yes                    |             276 |          109 |
| Yes          | Yes                   | No                     |              18 |            6 |
+--------------+-----------------------+------------------------+-----------------+--------------+


4. Detailed Control Set Information
-----------------------------------

+--------------------------------+----------------------------------------------------+--------------------------------+------------------+----------------+--------------+
|          Clock Signal          |                    Enable Signal                   |        Set/Reset Signal        | Slice Load Count | Bel Load Count | Bels / Slice |
+--------------------------------+----------------------------------------------------+--------------------------------+------------------+----------------+--------------+
|  u_debouncer_btnL/w_clean_btnL |                                                    |                                |                1 |              1 |         1.00 |
|  clk_IBUF_BUFG                 | u_buzzer/r_clk_cnt[17]_i_2_n_0                     |                                |                1 |              1 |         1.00 |
|  clk_IBUF_BUFG                 | u_DS1302/ce0_out                                   | reset_IBUF                     |                1 |              1 |         1.00 |
|  clk_IBUF_BUFG                 | u_DS1302/r_data_tx                                 | u_DS1302/r_data_tx[2]_i_1_n_0  |                1 |              1 |         1.00 |
|  clk_IBUF_BUFG                 | u_uart_controller/u_uart_tx/tx_i_1_n_0             | reset_IBUF                     |                1 |              1 |         1.00 |
|  clk_IBUF_BUFG                 | u_DS1302/r_cmd[3]_i_1_n_0                          |                                |                1 |              3 |         3.00 |
|  clk_IBUF_BUFG                 | u_uart_cmd_parser/state[3]_i_1_n_0                 | reset_IBUF                     |                3 |              4 |         1.33 |
|  clk_IBUF_BUFG                 | u_uart_controller/u_uart_rx/r_baud_tick_count_0    | reset_IBUF                     |                2 |              4 |         2.00 |
|  clk_IBUF_BUFG                 | u_uart_controller/u_uart_rx/r_bit_index[3]_i_1_n_0 | reset_IBUF                     |                1 |              4 |         4.00 |
|  clk_IBUF_BUFG                 | u_dht11/r_bit_cnt[5]_i_1_n_0                       | reset_IBUF                     |                2 |              6 |         3.00 |
|  clk_IBUF_BUFG                 | u_DS1302/r_data_tx                                 |                                |                6 |              6 |         1.00 |
|  clk_IBUF_BUFG                 | u_uart_controller/u_uart_tx/r_char_idx_0           | reset_IBUF                     |                3 |              7 |         2.33 |
|  clk_IBUF_BUFG                 | u_uart_controller/u_uart_tx/r_data_reg             | reset_IBUF                     |                7 |              7 |         1.00 |
|  clk_IBUF_BUFG                 | u_DS1302/r_hour_bcd                                | reset_IBUF                     |                3 |              8 |         2.67 |
|  clk_IBUF_BUFG                 | u_DS1302/r_min_bcd                                 | reset_IBUF                     |                3 |              8 |         2.67 |
|  clk_IBUF_BUFG                 | u_uart_controller/u_uart_rx/data_out[7]_i_1_n_0    | reset_IBUF                     |                2 |              8 |         4.00 |
|  clk_IBUF_BUFG                 | u_rotary_temp_set/r_counter[7]_i_1__5_n_0          | reset_IBUF                     |                3 |              8 |         2.67 |
|  clk_IBUF_BUFG                 | u_fnd_controller/r_1ms_cnt1                        | reset_IBUF                     |                5 |             11 |         2.20 |
|  clk_IBUF_BUFG                 | u_uart_cmd_parser/temp_time                        | reset_IBUF                     |                4 |             13 |         3.25 |
|  clk_IBUF_BUFG                 | u_uart_cmd_parser/parsed_time[13]_i_1_n_0          | reset_IBUF                     |               10 |             14 |         1.40 |
|  clk_IBUF_BUFG                 | u_uart_cmd_parser/E[0]                             | reset_IBUF                     |                4 |             14 |         3.50 |
|  clk_IBUF_BUFG                 | u_dht11/humidity[7]_i_1_n_0                        | reset_IBUF                     |                4 |             16 |         4.00 |
|  clk_IBUF_BUFG                 | u_buzzer/r_clk_cnt[17]_i_2_n_0                     | u_buzzer/r_clk_cnt[17]_i_1_n_0 |                5 |             17 |         3.40 |
|  clk_IBUF_BUFG                 | u_louver_controller/r_duty                         |                                |                5 |             20 |         4.00 |
|  clk_IBUF_BUFG                 | u_dht11/r_wait_cnt[21]_i_1_n_0                     | reset_IBUF                     |                7 |             22 |         3.14 |
|  clk_IBUF_BUFG                 | u_buzzer/r_counter[24]_i_1_n_0                     | reset_IBUF                     |                6 |             25 |         4.17 |
|  clk_IBUF_BUFG                 |                                                    |                                |               14 |             34 |         2.43 |
|  clk_IBUF_BUFG                 | u_dht11/r_dht_data_reg                             | reset_IBUF                     |               10 |             40 |         4.00 |
|  clk_IBUF_BUFG                 | u_dht11/E[0]                                       | reset_IBUF                     |               28 |             55 |         1.96 |
|  clk_IBUF_BUFG                 |                                                    | reset_IBUF                     |              101 |            298 |         2.95 |
+--------------------------------+----------------------------------------------------+--------------------------------+------------------+----------------+--------------+


